<p>Inline `code` has `back-ticks around` it.</p>
<p>```javascript<br>
var s = &quot;JavaScript syntax highlighting&quot;;<br>
alert(s);<br>
```</p>
<p>```python<br>
s = &quot;Python syntax highlighting&quot;<br>
print s<br>
```</p>
<p>```<br>
No language indicated, so no syntax highlighting.<br>
But let's throw in a &lt;b&gt;tag&lt;/b&gt;.<br>
```</p>
