<p>Strikethrough uses two tildes. ~~Scratch this.~~</p>
